app/api/checkout/route.ts(2,22): error TS2307: Cannot find module '@/lib/auth' or its corresponding type declarations.
app/checkout/page.tsx(32,9): error TS17004: Cannot use JSX unless the '--jsx' flag is provided.
app/checkout/page.tsx(33,13): error TS17004: Cannot use JSX unless the '--jsx' flag is provided.
app/checkout/page.tsx(34,13): error TS17004: Cannot use JSX unless the '--jsx' flag is provided.
app/checkout/page.tsx(35,23): error TS17004: Cannot use JSX unless the '--jsx' flag is provided.
app/checkout/page.tsx(36,13): error TS17004: Cannot use JSX unless the '--jsx' flag is provided.
